[0.003s][trace] MarkStackSize: 4096k  MarkStackSizeMax: 524288k
[0.006s][info ] Using G1
[0.006s][debug] ConcGCThreads: 4 offset 35
[0.007s][debug] ParallelGCThreads: 15
[0.007s][debug] Initialize mark stack with 4096 chunks, maximum 524288
[0.064s][info ] GC(0) Pause Young (Normal) (G1 Evacuation Pause) 23M->0M(508M) 2.099ms
[0.084s][info ] GC(1) Pause Young (Normal) (G1 Evacuation Pause) 60M->0M(508M) 1.758ms
[0.179s][info ] GC(2) Pause Young (Normal) (G1 Evacuation Pause) 300M->0M(508M) 1.445ms
[0.208s][info ] GC(3) Pause Young (Normal) (G1 Evacuation Pause) 300M->0M(508M) 1.406ms
[0.236s][info ] GC(4) Pause Young (Normal) (G1 Evacuation Pause) 300M->0M(736M) 1.958ms
[0.336s][info ] GC(5) Pause Young (Normal) (G1 Evacuation Pause) 436M->0M(736M) 2.010ms
[0.376s][info ] GC(6) Pause Young (Normal) (G1 Evacuation Pause) 436M->0M(736M) 1.216ms
[0.416s][info ] GC(7) Pause Young (Normal) (G1 Evacuation Pause) 436M->0M(736M) 1.161ms
[0.456s][info ] GC(8) Pause Young (Normal) (G1 Evacuation Pause) 436M->0M(944M) 2.153ms
[0.548s][info ] GC(9) Pause Young (Normal) (G1 Evacuation Pause) 560M->0M(944M) 1.400ms
[0.596s][info ] GC(10) Pause Young (Normal) (G1 Evacuation Pause) 560M->0M(944M) 1.401ms
[0.642s][info ] GC(11) Pause Young (Normal) (G1 Evacuation Pause) 560M->0M(944M) 1.545ms
[0.691s][info ] GC(12) Pause Young (Normal) (G1 Evacuation Pause) 560M->0M(944M) 1.520ms
[0.741s][info ] GC(13) Pause Young (Normal) (G1 Evacuation Pause) 560M->0M(1164M) 1.783ms
[0.845s][info ] GC(14) Pause Young (Normal) (G1 Evacuation Pause) 692M->0M(1164M) 1.306ms
[0.909s][info ] GC(15) Pause Young (Normal) (G1 Evacuation Pause) 692M->1M(1164M) 1.963ms
[0.972s][info ] GC(16) Pause Young (Normal) (G1 Evacuation Pause) 692M->1M(1164M) 1.350ms
[1.037s][info ] GC(17) Pause Young (Normal) (G1 Evacuation Pause) 692M->1M(1164M) 1.858ms
[1.099s][info ] GC(18) Pause Young (Normal) (G1 Evacuation Pause) 692M->1M(1164M) 1.261ms
[1.163s][info ] GC(19) Pause Young (Normal) (G1 Evacuation Pause) 692M->1M(1164M) 1.806ms
[1.222s][info ] GC(20) Pause Young (Normal) (G1 Evacuation Pause) 692M->1M(1400M) 2.827ms
[1.351s][info ] GC(21) Pause Young (Normal) (G1 Evacuation Pause) 836M->1M(1400M) 1.530ms
[1.431s][info ] GC(22) Pause Young (Normal) (G1 Evacuation Pause) 836M->1M(1400M) 1.677ms
[1.514s][info ] GC(23) Pause Young (Normal) (G1 Evacuation Pause) 836M->1M(1400M) 1.334ms
[1.595s][info ] GC(24) Pause Young (Normal) (G1 Evacuation Pause) 836M->1M(1400M) 1.148ms
[1.687s][info ] GC(25) Pause Young (Normal) (G1 Evacuation Pause) 836M->1M(1400M) 1.378ms
[1.777s][info ] GC(26) Pause Young (Normal) (G1 Evacuation Pause) 836M->1M(1400M) 1.613ms
[1.867s][info ] GC(27) Pause Young (Normal) (G1 Evacuation Pause) 836M->1M(1400M) 1.322ms
[1.953s][info ] GC(28) Pause Young (Normal) (G1 Evacuation Pause) 836M->1M(1400M) 1.164ms
[2.044s][info ] GC(29) Pause Young (Normal) (G1 Evacuation Pause) 836M->1M(1400M) 1.459ms
[2.132s][info ] GC(30) Pause Young (Normal) (G1 Evacuation Pause) 836M->1M(1400M) 1.120ms
[2.223s][info ] GC(31) Pause Young (Normal) (G1 Evacuation Pause) 836M->1M(1400M) 1.454ms
[2.313s][info ] GC(32) Pause Young (Normal) (G1 Evacuation Pause) 836M->1M(1400M) 1.809ms
[2.393s][info ] GC(33) Pause Young (Normal) (G1 Evacuation Pause) 836M->1M(1400M) 1.305ms
[2.477s][info ] GC(34) Pause Young (Normal) (G1 Evacuation Pause) 836M->1M(1400M) 1.556ms
[2.563s][info ] GC(35) Pause Young (Normal) (G1 Evacuation Pause) 836M->1M(1400M) 1.544ms
[2.651s][info ] GC(36) Pause Young (Normal) (G1 Evacuation Pause) 836M->1M(1400M) 1.200ms
[2.740s][info ] GC(37) Pause Young (Normal) (G1 Evacuation Pause) 837M->1M(1400M) 1.217ms
[2.832s][info ] GC(38) Pause Young (Normal) (G1 Evacuation Pause) 837M->1M(1400M) 1.840ms
[2.924s][info ] GC(39) Pause Young (Normal) (G1 Evacuation Pause) 837M->1M(1400M) 1.241ms
[3.016s][info ] GC(40) Pause Young (Normal) (G1 Evacuation Pause) 837M->1M(1400M) 1.216ms
[3.106s][info ] GC(41) Pause Young (Normal) (G1 Evacuation Pause) 836M->1M(1400M) 1.289ms
[3.184s][info ] GC(42) Pause Young (Normal) (G1 Evacuation Pause) 836M->1M(1400M) 1.347ms
[3.271s][info ] GC(43) Pause Young (Normal) (G1 Evacuation Pause) 836M->1M(1400M) 1.575ms
[3.360s][info ] GC(44) Pause Young (Normal) (G1 Evacuation Pause) 836M->1M(1400M) 1.270ms
[3.448s][info ] GC(45) Pause Young (Normal) (G1 Evacuation Pause) 836M->1M(1400M) 1.301ms
[3.540s][info ] GC(46) Pause Young (Normal) (G1 Evacuation Pause) 836M->1M(1400M) 1.428ms
[3.634s][info ] GC(47) Pause Young (Normal) (G1 Evacuation Pause) 836M->1M(1400M) 1.613ms
[3.726s][info ] GC(48) Pause Young (Normal) (G1 Evacuation Pause) 836M->1M(1400M) 1.120ms
[3.818s][info ] GC(49) Pause Young (Normal) (G1 Evacuation Pause) 836M->1M(1400M) 1.283ms
[3.912s][info ] GC(50) Pause Young (Normal) (G1 Evacuation Pause) 836M->1M(1400M) 1.069ms
[4.007s][info ] GC(51) Pause Young (Normal) (G1 Evacuation Pause) 836M->1M(1400M) 1.909ms
[4.104s][info ] GC(52) Pause Young (Normal) (G1 Evacuation Pause) 836M->1M(1400M) 1.020ms
[4.202s][info ] GC(53) Pause Young (Normal) (G1 Evacuation Pause) 836M->1M(1400M) 1.148ms
[4.299s][info ] GC(54) Pause Young (Normal) (G1 Evacuation Pause) 837M->1M(1400M) 1.200ms
[4.393s][info ] GC(55) Pause Young (Normal) (G1 Evacuation Pause) 837M->1M(1400M) 1.721ms
[4.477s][info ] GC(56) Pause Young (Normal) (G1 Evacuation Pause) 836M->1M(1400M) 1.213ms
[4.555s][info ] GC(57) Pause Young (Normal) (G1 Evacuation Pause) 836M->1M(1400M) 1.409ms
[4.636s][info ] GC(58) Pause Young (Normal) (G1 Evacuation Pause) 836M->1M(1400M) 1.796ms
[4.720s][info ] GC(59) Pause Young (Normal) (G1 Evacuation Pause) 836M->1M(1400M) 1.254ms
[4.803s][info ] GC(60) Pause Young (Normal) (G1 Evacuation Pause) 836M->1M(1400M) 1.672ms
[4.888s][info ] GC(61) Pause Young (Normal) (G1 Evacuation Pause) 836M->1M(1400M) 0.626ms
[4.973s][info ] GC(62) Pause Young (Normal) (G1 Evacuation Pause) 836M->1M(1400M) 1.498ms
[5.054s][info ] GC(63) Pause Young (Normal) (G1 Evacuation Pause) 836M->1M(1400M) 1.315ms
[5.137s][info ] GC(64) Pause Young (Normal) (G1 Evacuation Pause) 836M->1M(1400M) 1.434ms
[5.218s][info ] GC(65) Pause Young (Normal) (G1 Evacuation Pause) 836M->1M(1400M) 1.651ms
[5.307s][info ] GC(66) Pause Young (Normal) (G1 Evacuation Pause) 837M->1M(1400M) 1.931ms
[5.392s][info ] GC(67) Pause Young (Normal) (G1 Evacuation Pause) 837M->1M(1400M) 1.156ms
[5.478s][info ] GC(68) Pause Young (Normal) (G1 Evacuation Pause) 837M->1M(1400M) 1.770ms
[5.563s][info ] GC(69) Pause Young (Normal) (G1 Evacuation Pause) 837M->1M(1400M) 1.426ms
[5.652s][info ] GC(70) Pause Young (Normal) (G1 Evacuation Pause) 837M->1M(1400M) 2.251ms
[5.747s][info ] GC(71) Pause Young (Normal) (G1 Evacuation Pause) 837M->1M(1400M) 1.930ms
[5.841s][info ] GC(72) Pause Young (Normal) (G1 Evacuation Pause) 837M->1M(1400M) 1.939ms
[5.936s][info ] GC(73) Pause Young (Normal) (G1 Evacuation Pause) 837M->1M(1400M) 1.827ms
[6.031s][info ] GC(74) Pause Young (Normal) (G1 Evacuation Pause) 837M->1M(1400M) 1.423ms
[6.123s][info ] GC(75) Pause Young (Normal) (G1 Evacuation Pause) 837M->2M(1400M) 1.876ms
[6.220s][info ] GC(76) Pause Young (Normal) (G1 Evacuation Pause) 838M->2M(1400M) 1.394ms
[6.319s][info ] GC(77) Pause Young (Normal) (G1 Evacuation Pause) 838M->2M(1400M) 1.391ms
[6.417s][info ] GC(78) Pause Young (Normal) (G1 Evacuation Pause) 838M->2M(1400M) 1.623ms
[6.510s][info ] GC(79) Pause Young (Normal) (G1 Evacuation Pause) 838M->2M(1400M) 1.564ms
[6.607s][info ] GC(80) Pause Young (Normal) (G1 Evacuation Pause) 838M->2M(1400M) 1.620ms
[6.701s][info ] GC(81) Pause Young (Normal) (G1 Evacuation Pause) 837M->2M(1400M) 1.611ms
[6.772s][info ] GC(82) Pause Young (Normal) (G1 Evacuation Pause) 837M->2M(1400M) 1.711ms
[6.844s][info ] GC(83) Pause Young (Normal) (G1 Evacuation Pause) 837M->2M(1400M) 1.300ms
[6.916s][info ] GC(84) Pause Young (Normal) (G1 Evacuation Pause) 837M->2M(1400M) 1.057ms
[6.989s][info ] GC(85) Pause Young (Normal) (G1 Evacuation Pause) 837M->2M(1400M) 1.575ms
[7.061s][info ] GC(86) Pause Young (Normal) (G1 Evacuation Pause) 837M->2M(1400M) 1.225ms
