[0.003s][trace] MarkStackSize: 4096k  MarkStackSizeMax: 524288k
[0.007s][info ] Using G1
[0.008s][debug] ConcGCThreads: 4 offset 35
[0.008s][debug] ParallelGCThreads: 15
[0.008s][debug] Initialize mark stack with 4096 chunks, maximum 524288
[0.069s][info ] GC(0) Pause Young (Normal) (G1 Evacuation Pause) 23M->0M(508M) 1.867ms
[0.092s][info ] GC(1) Pause Young (Normal) (G1 Evacuation Pause) 64M->0M(508M) 2.219ms
[0.192s][info ] GC(2) Pause Young (Normal) (G1 Evacuation Pause) 300M->0M(508M) 1.571ms
[0.223s][info ] GC(3) Pause Young (Normal) (G1 Evacuation Pause) 300M->0M(508M) 2.011ms
[0.252s][info ] GC(4) Pause Young (Normal) (G1 Evacuation Pause) 300M->0M(760M) 2.760ms
[0.361s][info ] GC(5) Pause Young (Normal) (G1 Evacuation Pause) 452M->0M(760M) 1.505ms
[0.401s][info ] GC(6) Pause Young (Normal) (G1 Evacuation Pause) 452M->0M(760M) 1.300ms
[0.441s][info ] GC(7) Pause Young (Normal) (G1 Evacuation Pause) 452M->0M(760M) 1.256ms
[0.480s][info ] GC(8) Pause Young (Normal) (G1 Evacuation Pause) 452M->0M(760M) 1.546ms
[0.521s][info ] GC(9) Pause Young (Normal) (G1 Evacuation Pause) 452M->0M(1096M) 2.380ms
[0.651s][info ] GC(10) Pause Young (Normal) (G1 Evacuation Pause) 652M->0M(1096M) 1.673ms
[0.714s][info ] GC(11) Pause Young (Normal) (G1 Evacuation Pause) 652M->0M(1096M) 1.629ms
[0.771s][info ] GC(12) Pause Young (Normal) (G1 Evacuation Pause) 652M->0M(1096M) 1.642ms
[0.828s][info ] GC(13) Pause Young (Normal) (G1 Evacuation Pause) 652M->0M(1096M) 2.212ms
[0.884s][info ] GC(14) Pause Young (Normal) (G1 Evacuation Pause) 652M->0M(1324M) 2.226ms
[0.998s][info ] GC(15) Pause Young (Normal) (G1 Evacuation Pause) 788M->1M(1324M) 1.675ms
[1.068s][info ] GC(16) Pause Young (Normal) (G1 Evacuation Pause) 788M->1M(1324M) 1.032ms
[1.132s][info ] GC(17) Pause Young (Normal) (G1 Evacuation Pause) 788M->1M(1324M) 1.238ms
[1.210s][info ] GC(18) Pause Young (Normal) (G1 Evacuation Pause) 788M->1M(1324M) 1.374ms
[1.277s][info ] GC(19) Pause Young (Normal) (G1 Evacuation Pause) 788M->1M(1324M) 1.219ms
[1.355s][info ] GC(20) Pause Young (Normal) (G1 Evacuation Pause) 788M->1M(1324M) 1.560ms
[1.436s][info ] GC(21) Pause Young (Normal) (G1 Evacuation Pause) 788M->1M(1324M) 1.414ms
[1.524s][info ] GC(22) Pause Young (Normal) (G1 Evacuation Pause) 788M->1M(1324M) 1.707ms
[1.606s][info ] GC(23) Pause Young (Normal) (G1 Evacuation Pause) 788M->1M(1324M) 1.443ms
[1.685s][info ] GC(24) Pause Young (Normal) (G1 Evacuation Pause) 788M->1M(1324M) 1.494ms
[1.775s][info ] GC(25) Pause Young (Normal) (G1 Evacuation Pause) 789M->1M(1324M) 1.100ms
[1.856s][info ] GC(26) Pause Young (Normal) (G1 Evacuation Pause) 788M->1M(1324M) 1.257ms
[1.938s][info ] GC(27) Pause Young (Normal) (G1 Evacuation Pause) 788M->1M(1324M) 1.725ms
[2.025s][info ] GC(28) Pause Young (Normal) (G1 Evacuation Pause) 788M->1M(1324M) 1.510ms
[2.113s][info ] GC(29) Pause Young (Normal) (G1 Evacuation Pause) 788M->1M(1324M) 1.243ms
[2.203s][info ] GC(30) Pause Young (Normal) (G1 Evacuation Pause) 788M->1M(1324M) 1.623ms
[2.294s][info ] GC(31) Pause Young (Normal) (G1 Evacuation Pause) 788M->1M(1324M) 0.828ms
[2.370s][info ] GC(32) Pause Young (Normal) (G1 Evacuation Pause) 788M->1M(1324M) 1.332ms
[2.450s][info ] GC(33) Pause Young (Normal) (G1 Evacuation Pause) 788M->1M(1324M) 1.460ms
[2.533s][info ] GC(34) Pause Young (Normal) (G1 Evacuation Pause) 788M->1M(1324M) 1.294ms
[2.612s][info ] GC(35) Pause Young (Normal) (G1 Evacuation Pause) 788M->1M(1324M) 1.821ms
[2.695s][info ] GC(36) Pause Young (Normal) (G1 Evacuation Pause) 788M->1M(1324M) 1.517ms
[2.779s][info ] GC(37) Pause Young (Normal) (G1 Evacuation Pause) 789M->1M(1324M) 1.339ms
[2.864s][info ] GC(38) Pause Young (Normal) (G1 Evacuation Pause) 789M->1M(1324M) 1.712ms
[2.948s][info ] GC(39) Pause Young (Normal) (G1 Evacuation Pause) 789M->1M(1324M) 1.298ms
[3.037s][info ] GC(40) Pause Young (Normal) (G1 Evacuation Pause) 789M->1M(1324M) 1.242ms
[3.121s][info ] GC(41) Pause Young (Normal) (G1 Evacuation Pause) 788M->1M(1324M) 1.460ms
[3.198s][info ] GC(42) Pause Young (Normal) (G1 Evacuation Pause) 788M->1M(1324M) 1.380ms
[3.274s][info ] GC(43) Pause Young (Normal) (G1 Evacuation Pause) 788M->1M(1324M) 1.568ms
[3.355s][info ] GC(44) Pause Young (Normal) (G1 Evacuation Pause) 788M->1M(1324M) 2.171ms
[3.431s][info ] GC(45) Pause Young (Normal) (G1 Evacuation Pause) 788M->1M(1324M) 1.652ms
[3.515s][info ] GC(46) Pause Young (Normal) (G1 Evacuation Pause) 788M->1M(1324M) 1.286ms
[3.597s][info ] GC(47) Pause Young (Normal) (G1 Evacuation Pause) 788M->1M(1324M) 1.556ms
[3.675s][info ] GC(48) Pause Young (Normal) (G1 Evacuation Pause) 788M->1M(1324M) 1.321ms
[3.760s][info ] GC(49) Pause Young (Normal) (G1 Evacuation Pause) 788M->1M(1324M) 1.417ms
[3.845s][info ] GC(50) Pause Young (Normal) (G1 Evacuation Pause) 788M->1M(1324M) 1.655ms
[3.928s][info ] GC(51) Pause Young (Normal) (G1 Evacuation Pause) 788M->1M(1324M) 1.314ms
[4.017s][info ] GC(52) Pause Young (Normal) (G1 Evacuation Pause) 788M->1M(1324M) 1.964ms
[4.102s][info ] GC(53) Pause Young (Normal) (G1 Evacuation Pause) 788M->1M(1324M) 1.492ms
[4.190s][info ] GC(54) Pause Young (Normal) (G1 Evacuation Pause) 788M->1M(1324M) 1.141ms
[4.280s][info ] GC(55) Pause Young (Normal) (G1 Evacuation Pause) 789M->1M(1324M) 1.584ms
[4.368s][info ] GC(56) Pause Young (Normal) (G1 Evacuation Pause) 789M->1M(1324M) 1.421ms
[4.447s][info ] GC(57) Pause Young (Normal) (G1 Evacuation Pause) 788M->1M(1324M) 1.269ms
[4.528s][info ] GC(58) Pause Young (Normal) (G1 Evacuation Pause) 788M->1M(1324M) 1.827ms
[4.605s][info ] GC(59) Pause Young (Normal) (G1 Evacuation Pause) 788M->1M(1324M) 1.597ms
[4.677s][info ] GC(60) Pause Young (Normal) (G1 Evacuation Pause) 788M->1M(1324M) 1.587ms
[4.749s][info ] GC(61) Pause Young (Normal) (G1 Evacuation Pause) 788M->1M(1324M) 1.440ms
[4.824s][info ] GC(62) Pause Young (Normal) (G1 Evacuation Pause) 788M->1M(1324M) 1.898ms
[4.901s][info ] GC(63) Pause Young (Normal) (G1 Evacuation Pause) 788M->1M(1324M) 1.653ms
[4.981s][info ] GC(64) Pause Young (Normal) (G1 Evacuation Pause) 788M->1M(1324M) 1.894ms
[5.057s][info ] GC(65) Pause Young (Normal) (G1 Evacuation Pause) 788M->1M(1324M) 1.787ms
[5.137s][info ] GC(66) Pause Young (Normal) (G1 Evacuation Pause) 788M->1M(1324M) 1.452ms
[5.222s][info ] GC(67) Pause Young (Normal) (G1 Evacuation Pause) 789M->1M(1324M) 1.288ms
[5.299s][info ] GC(68) Pause Young (Normal) (G1 Evacuation Pause) 789M->1M(1324M) 1.697ms
[5.380s][info ] GC(69) Pause Young (Normal) (G1 Evacuation Pause) 789M->1M(1324M) 1.640ms
[5.459s][info ] GC(70) Pause Young (Normal) (G1 Evacuation Pause) 789M->1M(1324M) 1.200ms
[5.540s][info ] GC(71) Pause Young (Normal) (G1 Evacuation Pause) 789M->1M(1324M) 1.448ms
[5.628s][info ] GC(72) Pause Young (Normal) (G1 Evacuation Pause) 789M->1M(1324M) 1.876ms
[5.708s][info ] GC(73) Pause Young (Normal) (G1 Evacuation Pause) 789M->1M(1324M) 1.510ms
[5.793s][info ] GC(74) Pause Young (Normal) (G1 Evacuation Pause) 789M->1M(1324M) 1.518ms
[5.877s][info ] GC(75) Pause Young (Normal) (G1 Evacuation Pause) 789M->1M(1324M) 1.513ms
[5.964s][info ] GC(76) Pause Young (Normal) (G1 Evacuation Pause) 789M->1M(1324M) 1.571ms
[6.048s][info ] GC(77) Pause Young (Normal) (G1 Evacuation Pause) 789M->2M(1324M) 1.337ms
[6.130s][info ] GC(78) Pause Young (Normal) (G1 Evacuation Pause) 790M->2M(1324M) 1.147ms
[6.215s][info ] GC(79) Pause Young (Normal) (G1 Evacuation Pause) 790M->2M(1324M) 1.485ms
[6.305s][info ] GC(80) Pause Young (Normal) (G1 Evacuation Pause) 790M->2M(1324M) 1.520ms
[6.394s][info ] GC(81) Pause Young (Normal) (G1 Evacuation Pause) 790M->2M(1324M) 1.238ms
[6.479s][info ] GC(82) Pause Young (Normal) (G1 Evacuation Pause) 790M->2M(1324M) 1.485ms
[6.570s][info ] GC(83) Pause Young (Normal) (G1 Evacuation Pause) 790M->2M(1324M) 1.282ms
[6.644s][info ] GC(84) Pause Young (Normal) (G1 Evacuation Pause) 789M->2M(1324M) 1.705ms
[6.714s][info ] GC(85) Pause Young (Normal) (G1 Evacuation Pause) 789M->2M(1324M) 1.799ms
[6.779s][info ] GC(86) Pause Young (Normal) (G1 Evacuation Pause) 789M->2M(1324M) 1.500ms
[6.852s][info ] GC(87) Pause Young (Normal) (G1 Evacuation Pause) 789M->2M(1324M) 1.447ms
[6.920s][info ] GC(88) Pause Young (Normal) (G1 Evacuation Pause) 789M->2M(1324M) 1.662ms
[6.993s][info ] GC(89) Pause Young (Normal) (G1 Evacuation Pause) 789M->2M(1324M) 2.102ms
[7.070s][info ] GC(90) Pause Young (Normal) (G1 Evacuation Pause) 789M->2M(1324M) 1.309ms
[7.138s][info ] GC(91) Pause Young (Normal) (G1 Evacuation Pause) 789M->2M(1324M) 1.690ms
[7.213s][info ] GC(92) Pause Young (Normal) (G1 Evacuation Pause) 789M->2M(1324M) 1.423ms
[7.280s][info ] GC(93) Pause Young (Normal) (G1 Evacuation Pause) 789M->2M(1324M) 1.137ms
[7.352s][info ] GC(94) Pause Young (Normal) (G1 Evacuation Pause) 789M->2M(1324M) 1.986ms
[7.422s][info ] GC(95) Pause Young (Normal) (G1 Evacuation Pause) 789M->2M(1324M) 1.331ms
[7.497s][info ] GC(96) Pause Young (Normal) (G1 Evacuation Pause) 789M->2M(1324M) 1.230ms
[7.568s][info ] GC(97) Pause Young (Normal) (G1 Evacuation Pause) 789M->2M(1324M) 1.705ms
[7.643s][info ] GC(98) Pause Young (Normal) (G1 Evacuation Pause) 789M->2M(1324M) 1.410ms
[7.713s][info ] GC(99) Pause Young (Normal) (G1 Evacuation Pause) 789M->2M(1324M) 1.401ms
[7.788s][info ] GC(100) Pause Young (Normal) (G1 Evacuation Pause) 789M->2M(1324M) 1.236ms
[7.861s][info ] GC(101) Pause Young (Normal) (G1 Evacuation Pause) 789M->2M(1324M) 1.366ms
[7.934s][info ] GC(102) Pause Young (Normal) (G1 Evacuation Pause) 789M->2M(1324M) 1.453ms
[8.011s][info ] GC(103) Pause Young (Normal) (G1 Evacuation Pause) 789M->2M(1324M) 1.356ms
[8.089s][info ] GC(104) Pause Young (Normal) (G1 Evacuation Pause) 789M->2M(1324M) 1.322ms
[8.166s][info ] GC(105) Pause Young (Normal) (G1 Evacuation Pause) 790M->2M(1324M) 1.098ms
[8.242s][info ] GC(106) Pause Young (Normal) (G1 Evacuation Pause) 790M->2M(1324M) 1.619ms
[8.318s][info ] GC(107) Pause Young (Normal) (G1 Evacuation Pause) 790M->2M(1324M) 1.542ms
[8.397s][info ] GC(108) Pause Young (Normal) (G1 Evacuation Pause) 790M->2M(1324M) 1.782ms
[8.478s][info ] GC(109) Pause Young (Normal) (G1 Evacuation Pause) 790M->2M(1324M) 1.945ms
[8.562s][info ] GC(110) Pause Young (Normal) (G1 Evacuation Pause) 790M->2M(1324M) 1.333ms
[8.636s][info ] GC(111) Pause Young (Normal) (G1 Evacuation Pause) 790M->2M(1324M) 1.256ms
[8.715s][info ] GC(112) Pause Young (Normal) (G1 Evacuation Pause) 790M->2M(1324M) 1.396ms
[8.794s][info ] GC(113) Pause Young (Normal) (G1 Evacuation Pause) 790M->2M(1324M) 1.703ms
[8.869s][info ] GC(114) Pause Young (Normal) (G1 Evacuation Pause) 790M->3M(1324M) 1.378ms
[8.949s][info ] GC(115) Pause Young (Normal) (G1 Evacuation Pause) 790M->3M(1324M) 1.749ms
[9.026s][info ] GC(116) Pause Young (Normal) (G1 Evacuation Pause) 790M->3M(1324M) 1.475ms
[9.106s][info ] GC(117) Pause Young (Normal) (G1 Evacuation Pause) 790M->3M(1324M) 1.469ms
[9.192s][info ] GC(118) Pause Young (Normal) (G1 Evacuation Pause) 790M->3M(1324M) 1.230ms
[9.272s][info ] GC(119) Pause Young (Normal) (G1 Evacuation Pause) 790M->3M(1324M) 2.309ms
[9.355s][info ] GC(120) Pause Young (Normal) (G1 Evacuation Pause) 790M->3M(1324M) 2.002ms
[9.435s][info ] GC(121) Pause Young (Normal) (G1 Evacuation Pause) 790M->3M(1324M) 1.978ms
[9.520s][info ] GC(122) Pause Young (Normal) (G1 Evacuation Pause) 790M->3M(1324M) 1.634ms
[9.602s][info ] GC(123) Pause Young (Normal) (G1 Evacuation Pause) 790M->3M(1324M) 1.378ms
