[0.004s][trace] MarkStackSize: 4096k  MarkStackSizeMax: 524288k
[0.007s][info ] Using G1
[0.008s][debug] ConcGCThreads: 4 offset 35
[0.008s][debug] ParallelGCThreads: 15
[0.008s][debug] Initialize mark stack with 4096 chunks, maximum 524288
[0.075s][info ] GC(0) Pause Young (Normal) (G1 Evacuation Pause) 23M->0M(508M) 2.252ms
[0.094s][info ] GC(1) Pause Young (Normal) (G1 Evacuation Pause) 60M->0M(508M) 2.593ms
[0.198s][info ] GC(2) Pause Young (Normal) (G1 Evacuation Pause) 300M->0M(508M) 1.895ms
[0.230s][info ] GC(3) Pause Young (Normal) (G1 Evacuation Pause) 300M->0M(508M) 1.759ms
[0.262s][info ] GC(4) Pause Young (Normal) (G1 Evacuation Pause) 300M->0M(816M) 3.534ms
[0.377s][info ] GC(5) Pause Young (Normal) (G1 Evacuation Pause) 484M->0M(816M) 2.097ms
[0.423s][info ] GC(6) Pause Young (Normal) (G1 Evacuation Pause) 484M->0M(816M) 0.976ms
[0.465s][info ] GC(7) Pause Young (Normal) (G1 Evacuation Pause) 484M->0M(816M) 1.146ms
[0.508s][info ] GC(8) Pause Young (Normal) (G1 Evacuation Pause) 484M->0M(1112M) 1.657ms
[0.630s][info ] GC(9) Pause Young (Normal) (G1 Evacuation Pause) 660M->0M(1112M) 1.430ms
[0.689s][info ] GC(10) Pause Young (Normal) (G1 Evacuation Pause) 660M->0M(1112M) 1.897ms
[0.749s][info ] GC(11) Pause Young (Normal) (G1 Evacuation Pause) 660M->0M(1112M) 1.925ms
[0.806s][info ] GC(12) Pause Young (Normal) (G1 Evacuation Pause) 660M->0M(1112M) 1.776ms
[0.866s][info ] GC(13) Pause Young (Normal) (G1 Evacuation Pause) 660M->1M(1336M) 2.346ms
[0.987s][info ] GC(14) Pause Young (Normal) (G1 Evacuation Pause) 796M->1M(1336M) 1.685ms
[1.062s][info ] GC(15) Pause Young (Normal) (G1 Evacuation Pause) 796M->1M(1336M) 1.922ms
[1.134s][info ] GC(16) Pause Young (Normal) (G1 Evacuation Pause) 796M->1M(1336M) 1.224ms
[1.203s][info ] GC(17) Pause Young (Normal) (G1 Evacuation Pause) 796M->1M(1336M) 0.903ms
[1.278s][info ] GC(18) Pause Young (Normal) (G1 Evacuation Pause) 796M->1M(1336M) 1.689ms
[1.349s][info ] GC(19) Pause Young (Normal) (G1 Evacuation Pause) 796M->1M(1336M) 1.321ms
[1.426s][info ] GC(20) Pause Young (Normal) (G1 Evacuation Pause) 796M->1M(1336M) 1.223ms
[1.515s][info ] GC(21) Pause Young (Normal) (G1 Evacuation Pause) 796M->1M(1336M) 1.449ms
[1.596s][info ] GC(22) Pause Young (Normal) (G1 Evacuation Pause) 796M->1M(1336M) 1.515ms
[1.682s][info ] GC(23) Pause Young (Normal) (G1 Evacuation Pause) 796M->1M(1336M) 1.282ms
[1.773s][info ] GC(24) Pause Young (Normal) (G1 Evacuation Pause) 797M->1M(1336M) 1.289ms
[1.849s][info ] GC(25) Pause Young (Normal) (G1 Evacuation Pause) 796M->1M(1336M) 1.368ms
[1.930s][info ] GC(26) Pause Young (Normal) (G1 Evacuation Pause) 796M->1M(1336M) 1.393ms
[2.015s][info ] GC(27) Pause Young (Normal) (G1 Evacuation Pause) 796M->1M(1336M) 0.605ms
[2.102s][info ] GC(28) Pause Young (Normal) (G1 Evacuation Pause) 796M->1M(1336M) 1.306ms
[2.188s][info ] GC(29) Pause Young (Normal) (G1 Evacuation Pause) 796M->1M(1336M) 1.456ms
[2.283s][info ] GC(30) Pause Young (Normal) (G1 Evacuation Pause) 796M->1M(1336M) 1.246ms
[2.369s][info ] GC(31) Pause Young (Normal) (G1 Evacuation Pause) 796M->1M(1336M) 1.100ms
[2.454s][info ] GC(32) Pause Young (Normal) (G1 Evacuation Pause) 796M->1M(1336M) 1.466ms
[2.540s][info ] GC(33) Pause Young (Normal) (G1 Evacuation Pause) 796M->1M(1336M) 1.736ms
[2.622s][info ] GC(34) Pause Young (Normal) (G1 Evacuation Pause) 796M->1M(1336M) 1.186ms
[2.706s][info ] GC(35) Pause Young (Normal) (G1 Evacuation Pause) 796M->1M(1336M) 1.314ms
[2.788s][info ] GC(36) Pause Young (Normal) (G1 Evacuation Pause) 797M->1M(1336M) 1.491ms
[2.875s][info ] GC(37) Pause Young (Normal) (G1 Evacuation Pause) 797M->1M(1336M) 1.148ms
[2.960s][info ] GC(38) Pause Young (Normal) (G1 Evacuation Pause) 797M->1M(1336M) 1.497ms
[3.048s][info ] GC(39) Pause Young (Normal) (G1 Evacuation Pause) 797M->1M(1336M) 1.521ms
[3.132s][info ] GC(40) Pause Young (Normal) (G1 Evacuation Pause) 796M->1M(1336M) 1.536ms
[3.203s][info ] GC(41) Pause Young (Normal) (G1 Evacuation Pause) 796M->1M(1336M) 1.234ms
[3.286s][info ] GC(42) Pause Young (Normal) (G1 Evacuation Pause) 796M->1M(1336M) 1.332ms
[3.362s][info ] GC(43) Pause Young (Normal) (G1 Evacuation Pause) 796M->1M(1336M) 1.097ms
[3.440s][info ] GC(44) Pause Young (Normal) (G1 Evacuation Pause) 796M->1M(1336M) 1.767ms
[3.524s][info ] GC(45) Pause Young (Normal) (G1 Evacuation Pause) 796M->1M(1336M) 1.293ms
[3.600s][info ] GC(46) Pause Young (Normal) (G1 Evacuation Pause) 796M->1M(1336M) 1.399ms
[3.683s][info ] GC(47) Pause Young (Normal) (G1 Evacuation Pause) 796M->1M(1336M) 1.125ms
[3.769s][info ] GC(48) Pause Young (Normal) (G1 Evacuation Pause) 796M->1M(1336M) 1.461ms
[3.850s][info ] GC(49) Pause Young (Normal) (G1 Evacuation Pause) 796M->1M(1336M) 1.414ms
[3.940s][info ] GC(50) Pause Young (Normal) (G1 Evacuation Pause) 796M->1M(1336M) 1.484ms
[4.026s][info ] GC(51) Pause Young (Normal) (G1 Evacuation Pause) 796M->1M(1336M) 0.794ms
[4.114s][info ] GC(52) Pause Young (Normal) (G1 Evacuation Pause) 796M->1M(1336M) 1.580ms
[4.207s][info ] GC(53) Pause Young (Normal) (G1 Evacuation Pause) 796M->1M(1336M) 1.367ms
[4.298s][info ] GC(54) Pause Young (Normal) (G1 Evacuation Pause) 797M->1M(1336M) 0.939ms
[4.390s][info ] GC(55) Pause Young (Normal) (G1 Evacuation Pause) 797M->1M(1336M) 1.121ms
[4.468s][info ] GC(56) Pause Young (Normal) (G1 Evacuation Pause) 796M->1M(1336M) 1.157ms
[4.542s][info ] GC(57) Pause Young (Normal) (G1 Evacuation Pause) 796M->1M(1336M) 1.382ms
[4.620s][info ] GC(58) Pause Young (Normal) (G1 Evacuation Pause) 796M->1M(1336M) 1.551ms
[4.690s][info ] GC(59) Pause Young (Normal) (G1 Evacuation Pause) 796M->1M(1336M) 0.960ms
[4.763s][info ] GC(60) Pause Young (Normal) (G1 Evacuation Pause) 796M->1M(1336M) 1.508ms
[4.842s][info ] GC(61) Pause Young (Normal) (G1 Evacuation Pause) 796M->1M(1336M) 1.674ms
[4.918s][info ] GC(62) Pause Young (Normal) (G1 Evacuation Pause) 796M->1M(1336M) 1.457ms
[4.997s][info ] GC(63) Pause Young (Normal) (G1 Evacuation Pause) 796M->1M(1336M) 1.094ms
[5.076s][info ] GC(64) Pause Young (Normal) (G1 Evacuation Pause) 796M->1M(1336M) 1.204ms
[5.157s][info ] GC(65) Pause Young (Normal) (G1 Evacuation Pause) 796M->1M(1336M) 1.189ms
[5.235s][info ] GC(66) Pause Young (Normal) (G1 Evacuation Pause) 797M->1M(1336M) 1.109ms
[5.314s][info ] GC(67) Pause Young (Normal) (G1 Evacuation Pause) 797M->1M(1336M) 1.431ms
[5.399s][info ] GC(68) Pause Young (Normal) (G1 Evacuation Pause) 797M->1M(1336M) 1.111ms
[5.485s][info ] GC(69) Pause Young (Normal) (G1 Evacuation Pause) 797M->1M(1336M) 1.841ms
[5.566s][info ] GC(70) Pause Young (Normal) (G1 Evacuation Pause) 797M->1M(1336M) 1.131ms
[5.653s][info ] GC(71) Pause Young (Normal) (G1 Evacuation Pause) 797M->1M(1336M) 1.392ms
[5.735s][info ] GC(72) Pause Young (Normal) (G1 Evacuation Pause) 797M->1M(1336M) 1.574ms
[5.823s][info ] GC(73) Pause Young (Normal) (G1 Evacuation Pause) 797M->1M(1336M) 1.355ms
[5.913s][info ] GC(74) Pause Young (Normal) (G1 Evacuation Pause) 797M->1M(1336M) 1.435ms
[6.002s][info ] GC(75) Pause Young (Normal) (G1 Evacuation Pause) 797M->1M(1336M) 1.756ms
[6.096s][info ] GC(76) Pause Young (Normal) (G1 Evacuation Pause) 797M->2M(1336M) 0.703ms
[6.184s][info ] GC(77) Pause Young (Normal) (G1 Evacuation Pause) 798M->2M(1336M) 0.942ms
[6.275s][info ] GC(78) Pause Young (Normal) (G1 Evacuation Pause) 798M->2M(1336M) 1.554ms
[6.361s][info ] GC(79) Pause Young (Normal) (G1 Evacuation Pause) 798M->2M(1336M) 1.313ms
[6.448s][info ] GC(80) Pause Young (Normal) (G1 Evacuation Pause) 798M->2M(1336M) 1.284ms
[6.531s][info ] GC(81) Pause Young (Normal) (G1 Evacuation Pause) 798M->2M(1336M) 1.228ms
[6.622s][info ] GC(82) Pause Young (Normal) (G1 Evacuation Pause) 798M->2M(1336M) 1.521ms
[6.698s][info ] GC(83) Pause Young (Normal) (G1 Evacuation Pause) 797M->2M(1336M) 1.852ms
[6.764s][info ] GC(84) Pause Young (Normal) (G1 Evacuation Pause) 797M->2M(1336M) 1.433ms
[6.830s][info ] GC(85) Pause Young (Normal) (G1 Evacuation Pause) 797M->2M(1336M) 1.906ms
[6.905s][info ] GC(86) Pause Young (Normal) (G1 Evacuation Pause) 797M->2M(1336M) 1.676ms
[6.977s][info ] GC(87) Pause Young (Normal) (G1 Evacuation Pause) 797M->2M(1336M) 1.429ms
[7.045s][info ] GC(88) Pause Young (Normal) (G1 Evacuation Pause) 797M->2M(1336M) 1.510ms
[7.123s][info ] GC(89) Pause Young (Normal) (G1 Evacuation Pause) 797M->2M(1336M) 1.666ms
[7.191s][info ] GC(90) Pause Young (Normal) (G1 Evacuation Pause) 797M->2M(1336M) 1.151ms
[7.270s][info ] GC(91) Pause Young (Normal) (G1 Evacuation Pause) 797M->2M(1336M) 1.354ms
[7.341s][info ] GC(92) Pause Young (Normal) (G1 Evacuation Pause) 797M->2M(1336M) 1.682ms
[7.413s][info ] GC(93) Pause Young (Normal) (G1 Evacuation Pause) 797M->2M(1336M) 1.350ms
[7.485s][info ] GC(94) Pause Young (Normal) (G1 Evacuation Pause) 797M->2M(1336M) 1.587ms
[7.557s][info ] GC(95) Pause Young (Normal) (G1 Evacuation Pause) 797M->2M(1336M) 1.405ms
[7.634s][info ] GC(96) Pause Young (Normal) (G1 Evacuation Pause) 797M->2M(1336M) 2.122ms
[7.705s][info ] GC(97) Pause Young (Normal) (G1 Evacuation Pause) 797M->2M(1336M) 1.628ms
[7.785s][info ] GC(98) Pause Young (Normal) (G1 Evacuation Pause) 797M->2M(1336M) 1.940ms
[7.861s][info ] GC(99) Pause Young (Normal) (G1 Evacuation Pause) 797M->2M(1336M) 1.863ms
[7.942s][info ] GC(100) Pause Young (Normal) (G1 Evacuation Pause) 797M->2M(1336M) 1.675ms
[8.026s][info ] GC(101) Pause Young (Normal) (G1 Evacuation Pause) 797M->2M(1336M) 1.454ms
[8.111s][info ] GC(102) Pause Young (Normal) (G1 Evacuation Pause) 797M->2M(1336M) 1.848ms
[8.194s][info ] GC(103) Pause Young (Normal) (G1 Evacuation Pause) 798M->2M(1336M) 1.434ms
[8.277s][info ] GC(104) Pause Young (Normal) (G1 Evacuation Pause) 798M->2M(1336M) 1.257ms
[8.352s][info ] GC(105) Pause Young (Normal) (G1 Evacuation Pause) 798M->2M(1336M) 1.170ms
[8.431s][info ] GC(106) Pause Young (Normal) (G1 Evacuation Pause) 798M->2M(1336M) 1.403ms
[8.513s][info ] GC(107) Pause Young (Normal) (G1 Evacuation Pause) 798M->2M(1336M) 1.198ms
[8.594s][info ] GC(108) Pause Young (Normal) (G1 Evacuation Pause) 798M->2M(1336M) 1.409ms
[8.672s][info ] GC(109) Pause Young (Normal) (G1 Evacuation Pause) 798M->2M(1336M) 1.234ms
[8.752s][info ] GC(110) Pause Young (Normal) (G1 Evacuation Pause) 798M->2M(1336M) 1.439ms
[8.831s][info ] GC(111) Pause Young (Normal) (G1 Evacuation Pause) 798M->2M(1336M) 1.138ms
[8.909s][info ] GC(112) Pause Young (Normal) (G1 Evacuation Pause) 798M->3M(1336M) 1.454ms
[8.991s][info ] GC(113) Pause Young (Normal) (G1 Evacuation Pause) 798M->3M(1336M) 1.133ms
[9.071s][info ] GC(114) Pause Young (Normal) (G1 Evacuation Pause) 798M->3M(1336M) 1.327ms
[9.151s][info ] GC(115) Pause Young (Normal) (G1 Evacuation Pause) 798M->3M(1336M) 1.102ms
[9.234s][info ] GC(116) Pause Young (Normal) (G1 Evacuation Pause) 798M->3M(1336M) 1.584ms
[9.318s][info ] GC(117) Pause Young (Normal) (G1 Evacuation Pause) 798M->3M(1336M) 1.254ms
[9.400s][info ] GC(118) Pause Young (Normal) (G1 Evacuation Pause) 798M->3M(1336M) 1.160ms
[9.482s][info ] GC(119) Pause Young (Normal) (G1 Evacuation Pause) 798M->3M(1336M) 1.699ms
[9.579s][info ] GC(120) Pause Young (Normal) (G1 Evacuation Pause) 798M->3M(1336M) 1.633ms
[9.670s][info ] GC(121) Pause Young (Normal) (G1 Evacuation Pause) 798M->3M(1336M) 2.139ms
[9.752s][info ] GC(122) Pause Young (Normal) (G1 Evacuation Pause) 798M->3M(1336M) 1.596ms
[9.836s][info ] GC(123) Pause Young (Normal) (G1 Evacuation Pause) 798M->3M(1336M) 1.693ms
[9.928s][info ] GC(124) Pause Young (Normal) (G1 Evacuation Pause) 798M->3M(1336M) 1.644ms
[10.014s][info ] GC(125) Pause Young (Normal) (G1 Evacuation Pause) 798M->3M(1336M) 1.171ms
[10.103s][info ] GC(126) Pause Young (Normal) (G1 Evacuation Pause) 798M->3M(1336M) 0.808ms
[10.194s][info ] GC(127) Pause Young (Normal) (G1 Evacuation Pause) 798M->3M(1336M) 1.722ms
[10.284s][info ] GC(128) Pause Young (Normal) (G1 Evacuation Pause) 798M->3M(1336M) 1.421ms
[10.373s][info ] GC(129) Pause Young (Normal) (G1 Evacuation Pause) 798M->3M(1336M) 1.201ms
[10.459s][info ] GC(130) Pause Young (Normal) (G1 Evacuation Pause) 798M->3M(1336M) 1.580ms
[10.548s][info ] GC(131) Pause Young (Normal) (G1 Evacuation Pause) 798M->3M(1336M) 1.299ms
[10.636s][info ] GC(132) Pause Young (Normal) (G1 Evacuation Pause) 798M->3M(1336M) 1.741ms
[10.727s][info ] GC(133) Pause Young (Normal) (G1 Evacuation Pause) 798M->3M(1336M) 1.513ms
[10.810s][info ] GC(134) Pause Young (Normal) (G1 Evacuation Pause) 798M->3M(1336M) 1.560ms
